login as: szypulskik
szypulskik@213.184.8.36's password:
Linux bad2 4.10.17-1-pve #1 SMP PVE 4.10.17-16 (Tue, 11 Jul 2017 09:55:44 +0200) x86_64

The programs included with the Debian GNU/Linux system are free software;
the exact distribution terms for each program are described in the
individual files in /usr/share/doc/*/copyright.

Debian GNU/Linux comes with ABSOLUTELY NO WARRANTY, to the extent
permitted by applicable law.
Last login: Wed Oct 27 09:20:22 2021 from 213.184.8.151
szypulskik@bad2:~$ mysql -u szypulskik -p
Enter password:
ERROR 1045 (28000): Access denied for user 'szypulskik'@'localhost' (using password: YES)
szypulskik@bad2:~$ mysql -u szypulskik -p
Enter password:
ERROR 1045 (28000): Access denied for user 'szypulskik'@'localhost' (using password: YES)
szypulskik@bad2:~$ mysql -u szypulskik -p
Enter password:
Welcome to the MySQL monitor.  Commands end with ; or \g.
Your MySQL connection id is 31
Server version: 8.0.22 MySQL Community Server - GPL

Copyright (c) 2000, 2020, Oracle and/or its affiliates. All rights reserved.

Oracle is a registered trademark of Oracle Corporation and/or its
affiliates. Other names may be trademarks of their respective
owners.

Type 'help;' or '\h' for help. Type '\c' to clear the current input statement.

mysql> show databases;
+--------------------+
| Database           |
+--------------------+
| information_schema |
| szypulskik         |
+--------------------+
2 rows in set (0.01 sec)

mysql> use szypulskik;
Reading table information for completion of table and column names
You can turn off this feature to get a quicker startup with -A

Database changed
mysql> CREATE TABLE walizka(id_walizki INT PRIMARY KEY,pojemnosc UNSIGNED, kolorEnum('rozowy','czerwony','teczowy','zolty');
ERROR 1064 (42000): You have an error in your SQL syntax; check the manual that corresponds to your MySQL server version for the right syntax to use near 'UNSIGNED, kolorEnum('rozowy','czerwony','teczowy','zolty')' at line 1
mysql> ^C
mysql> CREATE TABLE walizka(id_walizki INT PRIMARY KEY,pojemnosc UNSIGNED, kolor Enum('rozowy','czerwony','teczowy','zolty');
ERROR 1064 (42000): You have an error in your SQL syntax; check the manual that corresponds to your MySQL server version for the right syntax to use near 'UNSIGNED, kolor Enum('rozowy','czerwony','teczowy','zolty')' at line 1
mysql> CREATE TABLE walizka(id_walizki INT PRIMARY KEY,pojemnosc UNSIGNED, kolor Enum('rozowy','czerwony','teczowy','zolty');
ERROR 1064 (42000): You have an error in your SQL syntax; check the manual that corresponds to your MySQL server version for the right syntax to use near 'UNSIGNED, kolor Enum('rozowy','czerwony','teczowy','zolty')' at line 1
mysql> CREATE TABLE walizka(id_walizki INT PRIMARY KEY,pojemnosc UNSIGNED);
ERROR 1064 (42000): You have an error in your SQL syntax; check the manual that corresponds to your MySQL server version for the right syntax to use near 'UNSIGNED)' at line 1
mysql> CREATE TABLE walizka(id_walizki INT PRIMARY KEY,pojemnosc  INTEGER);
Query OK, 0 rows affected (0.03 sec)

mysql> CREATE TABLE walizka(id_walizki INT PRIMARY KEY,pojemnosc INTEGER, kolor  Enum('rozowy','czerwony','teczowy','zolty');
ERROR 1064 (42000): You have an error in your SQL syntax; check the manual that corresponds to your MySQL server version for the right syntax to use near '' at line 1
mysql> CREATE TABLE walizka(id_walizki INT PRIMARY KEY,pojemnosc INTEGER, kolor
 ENUM('rozowy','czerwony','teczowy','zolty');
ERROR 1064 (42000): You have an error in your SQL syntax; check the manual that corresponds to your MySQL server version for the right syntax to use near '' at line 1
mysql> CREATE TABLE walizka(id_walizki INT PRIMARY KEY,pojemnosc INTEGER, kolor
 ENUM kolor  ('rozowy','czerwony','teczowy','zolty');
ERROR 1064 (42000): You have an error in your SQL syntax; check the manual that corresponds to your MySQL server version for the right syntax to use near 'kolor  ('rozowy','czerwony','teczowy','zolty')' at line 1
mysql> CREATE TABLE walizka(id_walizki INT PRIMARY KEY,pojemnosc INTEGER, kolor
 ENUM  ('rozowy','czerwony','teczowy','zolty');
ERROR 1064 (42000): You have an error in your SQL syntax; check the manual that corresponds to your MySQL server version for the right syntax to use near '' at line 1
mysql> CREATE TABLE walizka(id_walizki INT PRIMARY KEY,pojemnosc INTEGER, kolor
 ENUM  ('rozowy','czerwony','teczowy','zolty'));
ERROR 1050 (42S01): Table 'walizka' already exists
mysql> CREATE TABLE walizkaa(id_walizki INT PRIMARY KEY,pojemnosc INTEGER, kolor
  ENUM  ('rozowy','czerwony','teczowy','zolty');
ERROR 1064 (42000): You have an error in your SQL syntax; check the manual that corresponds to your MySQL server version for the right syntax to use near '' at line 1
mysql> CREATE TABLE walizkaa(id_walizki INT PRIMARY KEY,pojemnosc INTEGER, kolor  ENUM  ('rozowy','czerwony','teczowy','zolty'));
Query OK, 0 rows affected (0.02 sec)

mysql>
